SQL> SELECT * FROM TAB;

BONUS                                                                           
TABLE                                                                           
                                                                                
DEPARTEMENTS                                                                    
TABLE                                                                           
                                                                                
DEPT                                                                            
TABLE                                                                             
                                                                                
EMP                                                                             
TABLE                                                                           
                                                                                
SALGRADE                                                                        
TABLE                                                                           
                                                                                
SQL> DESCRIBE BONUS;
 Name                                      Null?    Type
 ----------------------------------------- -------- ----------------------------
 ENAME                                              VARCHAR2(10)
 JOB                                                VARCHAR2(9)
 SAL                                                NUMBER
 COMM                                               NUMBER

SQL> DESCRIBE DEPT;
 Name                                      Null?    Type
 ----------------------------------------- -------- ----------------------------
 DEPTNO                                    NOT NULL NUMBER(2)
 DNAME                                              VARCHAR2(14)
 LOC                                                VARCHAR2(13)

SQL> DESCRIBE SALGRADE;
 Name                                      Null?    Type
 ----------------------------------------- -------- ----------------------------
 GRADE                                              NUMBER
 LOSAL                                              NUMBER
 HISAL                                              NUMBER

SQL> DESCRIBE EMP;
 Name                                      Null?    Type
 ----------------------------------------- -------- ----------------------------
 EMPNO                                     NOT NULL NUMBER(4)
 ENAME                                     NOT NULL VARCHAR2(10)
 JOB                                                CHAR(9)
 MGR                                                NUMBER(4)
 HIREDATE                                  NOT NULL DATE
 SAL                                                NUMBER(7,2)
 COMM                                               NUMBER(7,2)
 DEPTNO                                             NUMBER(2)

SQL> SPOOL OFF;
