SQL> 
SQL> BREAK ON DNAME;
SQL> SELECT d.DNAME, e.ENAME
  2  FROM DEPT d
  3  LEFT JOIN EMP e
  4    ON d.DEPTNO = e.DEPTNO
  5  ORDER BY d.DNAME ASC;

Nom du département                         Nom de l'employé                     
------------------------------------------ ------------------------------       
ACCOUNTING                                 CLARK                                
                                           MILLER                               
                                           KING                                 
OPERATIONS                                                                      
RESEARCH                                   SMITH                                
                                           ADAMS                                
                                           FORD                                 
                                           JONES                                
                                           SCOTT                                
SALES                                      TURNER                               
                                           ALLEN                                
                                           JAMES                                
                                           BLAKE                                
                                           MARTIN                               
                                           WARD                                 

15 rows selected.

SQL> CLEAR BREAKS;
breaks cleared
SQL> SPOOL OFF;
