SQL> @dico5
Enter value for table: 'OUVRAGES'
old  12: WHERE col.TABLE_NAME = &table
new  12: WHERE col.TABLE_NAME = 'OUVRAGES'

CONSTRAINT_NAME                                                                           
------------------------------------------------------------------------------------------
SEARCH_CONDITION                                                                          
--------------------------------------------------------------------------------          
COLUMN_NAME                                                                               
------------------------------------------------------------------------------------------
CASEWHENCON.CONSTRAINT_TYPE='C'TH                                                         
---------------------------------                                                         
OUVRAGESTITRENOTNULL                                                                      
"TITRE" IS NOT NULL                                                                       
TITRE                                                                                     
CHECK                                                                                     
                                                                                          

CONSTRAINT_NAME                                                                           
------------------------------------------------------------------------------------------
SEARCH_CONDITION                                                                          
--------------------------------------------------------------------------------          
COLUMN_NAME                                                                               
------------------------------------------------------------------------------------------
CASEWHENCON.CONSTRAINT_TYPE='C'TH                                                         
---------------------------------                                                         
OUVRAGESNUMOUVRAGE                                                                        
NumOuvrage BETWEEN 1 AND 500                                                              
NUMOUVRAGE                                                                                
CHECK                                                                                     
                                                                                          

CONSTRAINT_NAME                                                                           
------------------------------------------------------------------------------------------
SEARCH_CONDITION                                                                          
--------------------------------------------------------------------------------          
COLUMN_NAME                                                                               
------------------------------------------------------------------------------------------
CASEWHENCON.CONSTRAINT_TYPE='C'TH                                                         
---------------------------------                                                         
OUVRAGESANNEE                                                                             
 Annee > 1985                                                                             
ANNEE                                                                                     
CHECK                                                                                     
                                                                                          

CONSTRAINT_NAME                                                                           
------------------------------------------------------------------------------------------
SEARCH_CONDITION                                                                          
--------------------------------------------------------------------------------          
COLUMN_NAME                                                                               
------------------------------------------------------------------------------------------
CASEWHENCON.CONSTRAINT_TYPE='C'TH                                                         
---------------------------------                                                         
OUVRAGESTYPEREL                                                                           
TypeRel in ('NORMAL','LUXE','CARTONNE','BROCHE')                                          
TYPEREL                                                                                   
CHECK                                                                                     
                                                                                          

CONSTRAINT_NAME                                                                           
------------------------------------------------------------------------------------------
SEARCH_CONDITION                                                                          
--------------------------------------------------------------------------------          
COLUMN_NAME                                                                               
------------------------------------------------------------------------------------------
CASEWHENCON.CONSTRAINT_TYPE='C'TH                                                         
---------------------------------                                                         
CPNUMOUVRAGE                                                                              
                                                                                          
NUMOUVRAGE                                                                                
PRIMARY                                                                                   
                                                                                          

SQL> SPOOL OFF;
