SQL> @dico6
  9  ;
Enter value for table: 'OUVRAGES'
old   8: WHERE TABLE_NAME = &table
new   8: WHERE TABLE_NAME = 'OUVRAGES'

NAME                                                                                      
------------------------------------------------------------------------------------------
NULL?                                                                                     
------------------------                                                                  
TYPE                                                                                      
------------------------------------------------------------------------------------------
NUMOUVRAGE                                                                                
NOT NULL                                                                                  
NUMBER(22)                                                                                
                                                                                          
TITRE                                                                                     
NOT NULL                                                                                  
VARCHAR2(50)                                                                              

NAME                                                                                      
------------------------------------------------------------------------------------------
NULL?                                                                                     
------------------------                                                                  
TYPE                                                                                      
------------------------------------------------------------------------------------------
                                                                                          
ANNEE                                                                                     
                                                                                          
NUMBER(22)                                                                                
                                                                                          
TYPEREL                                                                                   
                                                                                          

NAME                                                                                      
------------------------------------------------------------------------------------------
NULL?                                                                                     
------------------------                                                                  
TYPE                                                                                      
------------------------------------------------------------------------------------------
VARCHAR2(10)                                                                              
                                                                                          

SQL> SPOOL OFF;
